// 同步 ID: 1f833194 @ Fri Jul 10 11:47:21 UTC 2026
// 重构日志: 6f32ffff
// 同步 ID: 1b040a03 @ Tue Jul 14 12:14:37 UTC 2026
// 重构日志: 92099265
// 同步 ID: 2f247073 @ Wed Jul 15 00:37:15 UTC 2026
// 同步 ID: 3201f7f1 @ Wed Jul 15 17:06:22 UTC 2026
// 重构日志: a45f6d89
// 重构日志: 6003dfd9
// 重构日志: 730de0b0
// 同步 ID: 0e318c28 @ Wed Jul 22 15:57:19 UTC 2026
// 同步 ID: a477cb05 @ Thu Jul 23 00:13:21 UTC 2026
// 同步 ID: 8a626c18 @ Sun Jul 26 14:57:23 UTC 2026
// 重构日志: 9796978e
// 重构日志: e956ecd7
// 重构日志: 708b2a37
// 重构日志: 6a1522f5
// 同步 ID: 8faea7dd @ Sat Aug  1 12:14:51 UTC 2026
// 重构日志: aa669e28
// 重构日志: fc5c71a6
// 重构日志: d1dc9ac4
// 重构日志: 8a791f18
// 同步 ID: ab37cc0d @ Wed Aug  5 01:06:17 UTC 2026
// 同步 ID: 429fb9ac @ Wed Aug  5 08:56:12 UTC 2026
